<?xml version="1.0"?>
<testsuites>
  <testsuite name="PhantomJS 1.9.8 (Mac OS X)" package="unit" timestamp="2015-06-15T10:38:34" id="0" hostname="Tiagos-MacBook-Air.local" tests="1" errors="0" failures="0" time="0.003">
    <properties>
      <property name="browser.fullName" value="Mozilla/5.0 (Macintosh; Intel Mac OS X) AppleWebKit/534.34 (KHTML, like Gecko) PhantomJS/1.9.8 Safari/534.34"/>
    </properties>
    <testcase name="Teste do Teste" time="0.003" classname="unit PhantomJS 1.9.8 (Mac OS X).TesteExemplo"/>
    <system-out><![CDATA[
]]></system-out>
    <system-err/>
  </testsuite>
</testsuites>
